D:\j2ee\DubboLearn\DubboTestService\src\main\java\config\DataConfig.java
D:\j2ee\DubboLearn\DubboTestService\src\main\java\dao\UserRepository.java
D:\j2ee\DubboLearn\DubboTestService\src\main\java\dao\MessageRepository.java
D:\j2ee\DubboLearn\DubboTestService\src\main\java\starter\ItemApplication.java
D:\j2ee\DubboLearn\DubboTestService\src\main\java\service\ConversationServiceImpl.java
D:\j2ee\DubboLearn\DubboTestService\src\main\java\service\AnnouncementServiceImpl.java
D:\j2ee\DubboLearn\DubboTestService\src\main\java\service\ClassificationServiceImpl.java
D:\j2ee\DubboLearn\DubboTestService\src\main\java\dao\ConversationRepository.java
D:\j2ee\DubboLearn\DubboTestService\src\main\java\dao\AnnouncementRepository.java
D:\j2ee\DubboLearn\DubboTestService\src\main\java\dao\ProblemRepository.java
D:\j2ee\DubboLearn\DubboTestService\src\main\java\dao\AnswerRepository.java
D:\j2ee\DubboLearn\DubboTestService\src\main\java\service\MessageServiceImpl.java
D:\j2ee\DubboLearn\DubboTestService\src\main\java\service\ProblemServiceImpl.java
D:\j2ee\DubboLearn\DubboTestService\src\main\java\config\CacheConfig.java
D:\j2ee\DubboLearn\DubboTestService\src\main\java\service\UserServiceImpl.java
D:\j2ee\DubboLearn\DubboTestService\src\main\java\service\AnswerServiceImpl.java
D:\j2ee\DubboLearn\DubboTestService\src\main\java\dao\ClassificationRepository.java
D:\j2ee\DubboLearn\DubboTestService\src\main\java\config\RootConfig.java
